2,14824,2015-01-27 19:01:23.000000 +0000,20150127,embulk jruby
4,11270,2015-01-29 11:54:36.000000 +0000,20150129,NULL
