20150127,2015012720150127,8,0150127,0150
20150127,2015012720150127,8,0150127,0150
20150128,2015012820150128,8,0150128,0150
20150129,2015012920150129,8,0150129,0150
