2015-01-27 19:01:23.000000 +0000
2015-01-27 19:23:49.000000 +0000
2015-01-28 02:20:02.000000 +0000
2015-01-29 11:54:36.000000 +0000
