1,32864,2015-01-27 19:23:49.000000 +0000,20150127,embulk
2,14824,2015-01-27 19:01:23.000000 +0000,20150127,embulk jruby
